// Jest Snapshot v1, https://goo.gl/fbAQLP

exports[`Label Component render 1`] = `
<div
  className="label"
/>
`;
